// Jest Snapshot v1, https://goo.gl/fbAQLP

exports[`Builder should build a bunch of elements into pages 1`] = `
[
  <div
    style={
      {
        "height": "100mm",
        "overflow": "hidden",
        "position": "relative",
        "width": "100mm",
      }
    }
  >
    <div
      className="_distraction_DElementSingleSided"
      style={
        {
          "height": "50mm",
          "left": "0mm",
          "overflow": "hidden",
          "position": "absolute",
          "top": "0mm",
          "width": "50mm",
        }
      }
    >
      <div
        className="_distraction_DElementSingleSided_front"
        style={
          {
            "height": "50mm",
            "left": "0mm",
            "overflow": "hidden",
            "position": "absolute",
            "top": "0mm",
            "width": "50mm",
          }
        }
      >
        <span />
      </div>
    </div>
    <div
      className="_distraction_DElementSingleSided"
      style={
        {
          "height": "50mm",
          "left": "50mm",
          "overflow": "hidden",
          "position": "absolute",
          "top": "0mm",
          "width": "50mm",
        }
      }
    >
      <div
        className="_distraction_DElementSingleSided_front"
        style={
          {
            "height": "50mm",
            "left": "0mm",
            "overflow": "hidden",
            "position": "absolute",
            "top": "0mm",
            "width": "50mm",
          }
        }
      >
        <span />
      </div>
    </div>
    <div
      className="_distraction_DElementSingleSided"
      style={
        {
          "height": "50mm",
          "left": "0mm",
          "overflow": "hidden",
          "position": "absolute",
          "top": "50mm",
          "width": "50mm",
        }
      }
    >
      <div
        className="_distraction_DElementSingleSided_front"
        style={
          {
            "height": "50mm",
            "left": "0mm",
            "overflow": "hidden",
            "position": "absolute",
            "top": "0mm",
            "width": "50mm",
          }
        }
      >
        <span />
      </div>
    </div>
    <div
      className="_distraction_DElementSingleSided"
      style={
        {
          "height": "50mm",
          "left": "50mm",
          "overflow": "hidden",
          "position": "absolute",
          "top": "50mm",
          "width": "50mm",
        }
      }
    >
      <div
        className="_distraction_DElementSingleSided_front"
        style={
          {
            "height": "50mm",
            "left": "0mm",
            "overflow": "hidden",
            "position": "absolute",
            "top": "0mm",
            "width": "50mm",
          }
        }
      >
        <span />
      </div>
    </div>
  </div>,
  <div
    style={
      {
        "height": "100mm",
        "overflow": "hidden",
        "position": "relative",
        "width": "100mm",
      }
    }
  >
    <div
      className="_distraction_DElementSingleSided"
      style={
        {
          "height": "50mm",
          "left": "0mm",
          "overflow": "hidden",
          "position": "absolute",
          "top": "0mm",
          "width": "50mm",
        }
      }
    >
      <div
        className="_distraction_DElementSingleSided_front"
        style={
          {
            "height": "50mm",
            "left": "0mm",
            "overflow": "hidden",
            "position": "absolute",
            "top": "0mm",
            "width": "50mm",
          }
        }
      >
        <span />
      </div>
    </div>
  </div>,
]
`;
